// Vitest Snapshot v1, https://vitest.dev/guide/snapshot.html

exports[`Testing on <SearchComponent/> > should match with the snapshot 1`] = `
{
  "asFragment": [Function],
  "baseElement": <body>
    <div>
      <form
        aria-label="form"
      >
        <div
          class="row mt-4"
        >
          <div
            class="col"
          >
            <select
              aria-label="month"
              class="form-control"
            >
              <option
                data-testid="select-option"
                value="JAN"
              >
                JAN
              </option>
              <option
                data-testid="select-option"
                value="FEB"
              >
                FEB
              </option>
              <option
                data-testid="select-option"
                value="MAR"
              >
                MAR
              </option>
              <option
                data-testid="select-option"
                value="APR"
              >
                APR
              </option>
              <option
                data-testid="select-option"
                value="MAY"
              >
                MAY
              </option>
              <option
                data-testid="select-option"
                value="JUN"
              >
                JUN
              </option>
              <option
                data-testid="select-option"
                value="JUL"
              >
                JUL
              </option>
              <option
                data-testid="select-option"
                value="AUG"
              >
                AUG
              </option>
              <option
                data-testid="select-option"
                value="SEP"
              >
                SEP
              </option>
              <option
                data-testid="select-option"
                value="OCT"
              >
                OCT
              </option>
              <option
                data-testid="select-option"
                value="NOV"
              >
                NOV
              </option>
              <option
                data-testid="select-option"
                value="DEC"
              >
                DEC
              </option>
            </select>
          </div>
          <div
            class="col"
          >
            <input
              aria-label="year"
              autocomplete="off"
              class="form-control"
              name="searchYear"
              placeholder="Year"
              required=""
              type="number"
              value="2020"
            />
          </div>
          <div
            class="col"
          >
            <button
              class="btn btn-outline-primary"
            >
              Search
            </button>
          </div>
        </div>
      </form>
    </div>
  </body>,
  "container": <div>
    <form
      aria-label="form"
    >
      <div
        class="row mt-4"
      >
        <div
          class="col"
        >
          <select
            aria-label="month"
            class="form-control"
          >
            <option
              data-testid="select-option"
              value="JAN"
            >
              JAN
            </option>
            <option
              data-testid="select-option"
              value="FEB"
            >
              FEB
            </option>
            <option
              data-testid="select-option"
              value="MAR"
            >
              MAR
            </option>
            <option
              data-testid="select-option"
              value="APR"
            >
              APR
            </option>
            <option
              data-testid="select-option"
              value="MAY"
            >
              MAY
            </option>
            <option
              data-testid="select-option"
              value="JUN"
            >
              JUN
            </option>
            <option
              data-testid="select-option"
              value="JUL"
            >
              JUL
            </option>
            <option
              data-testid="select-option"
              value="AUG"
            >
              AUG
            </option>
            <option
              data-testid="select-option"
              value="SEP"
            >
              SEP
            </option>
            <option
              data-testid="select-option"
              value="OCT"
            >
              OCT
            </option>
            <option
              data-testid="select-option"
              value="NOV"
            >
              NOV
            </option>
            <option
              data-testid="select-option"
              value="DEC"
            >
              DEC
            </option>
          </select>
        </div>
        <div
          class="col"
        >
          <input
            aria-label="year"
            autocomplete="off"
            class="form-control"
            name="searchYear"
            placeholder="Year"
            required=""
            type="number"
            value="2020"
          />
        </div>
        <div
          class="col"
        >
          <button
            class="btn btn-outline-primary"
          >
            Search
          </button>
        </div>
      </div>
    </form>
  </div>,
  "debug": [Function],
  "findAllByAltText": [Function],
  "findAllByDisplayValue": [Function],
  "findAllByLabelText": [Function],
  "findAllByPlaceholderText": [Function],
  "findAllByRole": [Function],
  "findAllByTestId": [Function],
  "findAllByText": [Function],
  "findAllByTitle": [Function],
  "findByAltText": [Function],
  "findByDisplayValue": [Function],
  "findByLabelText": [Function],
  "findByPlaceholderText": [Function],
  "findByRole": [Function],
  "findByTestId": [Function],
  "findByText": [Function],
  "findByTitle": [Function],
  "getAllByAltText": [Function],
  "getAllByDisplayValue": [Function],
  "getAllByLabelText": [Function],
  "getAllByPlaceholderText": [Function],
  "getAllByRole": [Function],
  "getAllByTestId": [Function],
  "getAllByText": [Function],
  "getAllByTitle": [Function],
  "getByAltText": [Function],
  "getByDisplayValue": [Function],
  "getByLabelText": [Function],
  "getByPlaceholderText": [Function],
  "getByRole": [Function],
  "getByTestId": [Function],
  "getByText": [Function],
  "getByTitle": [Function],
  "queryAllByAltText": [Function],
  "queryAllByDisplayValue": [Function],
  "queryAllByLabelText": [Function],
  "queryAllByPlaceholderText": [Function],
  "queryAllByRole": [Function],
  "queryAllByTestId": [Function],
  "queryAllByText": [Function],
  "queryAllByTitle": [Function],
  "queryByAltText": [Function],
  "queryByDisplayValue": [Function],
  "queryByLabelText": [Function],
  "queryByPlaceholderText": [Function],
  "queryByRole": [Function],
  "queryByTestId": [Function],
  "queryByText": [Function],
  "queryByTitle": [Function],
  "rerender": [Function],
  "unmount": [Function],
}
`;
